> Task :compileJava UP-TO-DATE
> Task :processResources UP-TO-DATE
> Task :classes UP-TO-DATE
> Task :resolveMainClassName UP-TO-DATE

> Task :bootRun

  .   ____          _            __ _ _
 /\\ / ___'_ __ _ _(_)_ __  __ _ \ \ \ \
( ( )\___ | '_ | '_| | '_ \/ _` | \ \ \ \
 \\/  ___)| |_)| | | | | || (_| |  ) ) ) )
  '  |____| .__|_| |_|_| |_\__, | / / / /
 =========|_|==============|___/=/_/_/_/
 :: Spring Boot ::                (v3.2.0)

2026-06-04T20:14:14.188+09:00  INFO 61825 --- [recipehub] [           main] com.recipehub.RecipeHubApplication       : Starting RecipeHubApplication using Java 21.0.8 with PID 61825 (/Users/seojaehee/recipehub/backend/build/classes/java/main started by seojaehee in /Users/seojaehee/recipehub/backend)
2026-06-04T20:14:14.189+09:00 DEBUG 61825 --- [recipehub] [           main] com.recipehub.RecipeHubApplication       : Running with Spring Boot v3.2.0, Spring v6.1.1
2026-06-04T20:14:14.189+09:00  INFO 61825 --- [recipehub] [           main] com.recipehub.RecipeHubApplication       : No active profile set, falling back to 1 default profile: "default"
2026-06-04T20:14:14.474+09:00  INFO 61825 --- [recipehub] [           main] .s.d.r.c.RepositoryConfigurationDelegate : Multiple Spring Data modules found, entering strict repository configuration mode
2026-06-04T20:14:14.474+09:00  INFO 61825 --- [recipehub] [           main] .s.d.r.c.RepositoryConfigurationDelegate : Bootstrapping Spring Data JPA repositories in DEFAULT mode.
2026-06-04T20:14:14.537+09:00  INFO 61825 --- [recipehub] [           main] .s.d.r.c.RepositoryConfigurationDelegate : Finished Spring Data repository scanning in 60 ms. Found 6 JPA repository interfaces.
2026-06-04T20:14:14.543+09:00  INFO 61825 --- [recipehub] [           main] .s.d.r.c.RepositoryConfigurationDelegate : Multiple Spring Data modules found, entering strict repository configuration mode
2026-06-04T20:14:14.544+09:00  INFO 61825 --- [recipehub] [           main] .s.d.r.c.RepositoryConfigurationDelegate : Bootstrapping Spring Data Redis repositories in DEFAULT mode.
2026-06-04T20:14:14.549+09:00  INFO 61825 --- [recipehub] [           main] .RepositoryConfigurationExtensionSupport : Spring Data Redis - Could not safely identify store assignment for repository candidate interface com.recipehub.repository.BookmarkRepository; If you want this repository to be a Redis repository, consider annotating your entities with one of these annotations: org.springframework.data.redis.core.RedisHash (preferred), or consider extending one of the following types with your repository: org.springframework.data.keyvalue.repository.KeyValueRepository
2026-06-04T20:14:14.549+09:00  INFO 61825 --- [recipehub] [           main] .RepositoryConfigurationExtensionSupport : Spring Data Redis - Could not safely identify store assignment for repository candidate interface com.recipehub.repository.CommitRepository; If you want this repository to be a Redis repository, consider annotating your entities with one of these annotations: org.springframework.data.redis.core.RedisHash (preferred), or consider extending one of the following types with your repository: org.springframework.data.keyvalue.repository.KeyValueRepository
2026-06-04T20:14:14.550+09:00  INFO 61825 --- [recipehub] [           main] .RepositoryConfigurationExtensionSupport : Spring Data Redis - Could not safely identify store assignment for repository candidate interface com.recipehub.repository.IngredientAliasRepository; If you want this repository to be a Redis repository, consider annotating your entities with one of these annotations: org.springframework.data.redis.core.RedisHash (preferred), or consider extending one of the following types with your repository: org.springframework.data.keyvalue.repository.KeyValueRepository
2026-06-04T20:14:14.550+09:00  INFO 61825 --- [recipehub] [           main] .RepositoryConfigurationExtensionSupport : Spring Data Redis - Could not safely identify store assignment for repository candidate interface com.recipehub.repository.PullRequestRepository; If you want this repository to be a Redis repository, consider annotating your entities with one of these annotations: org.springframework.data.redis.core.RedisHash (preferred), or consider extending one of the following types with your repository: org.springframework.data.keyvalue.repository.KeyValueRepository
2026-06-04T20:14:14.550+09:00  INFO 61825 --- [recipehub] [           main] .RepositoryConfigurationExtensionSupport : Spring Data Redis - Could not safely identify store assignment for repository candidate interface com.recipehub.repository.RecipeRepository; If you want this repository to be a Redis repository, consider annotating your entities with one of these annotations: org.springframework.data.redis.core.RedisHash (preferred), or consider extending one of the following types with your repository: org.springframework.data.keyvalue.repository.KeyValueRepository
2026-06-04T20:14:14.550+09:00  INFO 61825 --- [recipehub] [           main] .RepositoryConfigurationExtensionSupport : Spring Data Redis - Could not safely identify store assignment for repository candidate interface com.recipehub.repository.UserRepository; If you want this repository to be a Redis repository, consider annotating your entities with one of these annotations: org.springframework.data.redis.core.RedisHash (preferred), or consider extending one of the following types with your repository: org.springframework.data.keyvalue.repository.KeyValueRepository
2026-06-04T20:14:14.550+09:00  INFO 61825 --- [recipehub] [           main] .s.d.r.c.RepositoryConfigurationDelegate : Finished Spring Data repository scanning in 3 ms. Found 0 Redis repository interfaces.
2026-06-04T20:14:14.765+09:00  INFO 61825 --- [recipehub] [           main] o.s.b.w.embedded.tomcat.TomcatWebServer  : Tomcat initialized with port 8080 (http)
2026-06-04T20:14:14.768+09:00  INFO 61825 --- [recipehub] [           main] o.apache.catalina.core.StandardService   : Starting service [Tomcat]
2026-06-04T20:14:14.768+09:00  INFO 61825 --- [recipehub] [           main] o.apache.catalina.core.StandardEngine    : Starting Servlet engine: [Apache Tomcat/10.1.16]
2026-06-04T20:14:14.788+09:00  INFO 61825 --- [recipehub] [           main] o.a.c.c.C.[Tomcat].[localhost].[/]       : Initializing Spring embedded WebApplicationContext
2026-06-04T20:14:14.788+09:00  INFO 61825 --- [recipehub] [           main] w.s.c.ServletWebServerApplicationContext : Root WebApplicationContext: initialization completed in 584 ms
2026-06-04T20:14:14.818+09:00 DEBUG 61825 --- [recipehub] [           main] c.r.security.JwtAuthenticationFilter     : Filter 'jwtAuthenticationFilter' configured for use
2026-06-04T20:14:14.860+09:00  INFO 61825 --- [recipehub] [           main] o.hibernate.jpa.internal.util.LogHelper  : HHH000204: Processing PersistenceUnitInfo [name: default]
2026-06-04T20:14:14.878+09:00  INFO 61825 --- [recipehub] [           main] org.hibernate.Version                    : HHH000412: Hibernate ORM core version 6.3.1.Final
2026-06-04T20:14:14.888+09:00  INFO 61825 --- [recipehub] [           main] o.h.c.internal.RegionFactoryInitiator    : HHH000026: Second-level cache disabled
2026-06-04T20:14:14.979+09:00  INFO 61825 --- [recipehub] [           main] o.s.o.j.p.SpringPersistenceUnitInfo      : No LoadTimeWeaver setup: ignoring JPA class transformer
2026-06-04T20:14:14.989+09:00  INFO 61825 --- [recipehub] [           main] com.zaxxer.hikari.HikariDataSource       : HikariPool-1 - Starting...
2026-06-04T20:14:15.066+09:00  INFO 61825 --- [recipehub] [           main] com.zaxxer.hikari.pool.HikariPool        : HikariPool-1 - Added connection org.postgresql.jdbc.PgConnection@1aeff8ca
2026-06-04T20:14:15.067+09:00  INFO 61825 --- [recipehub] [           main] com.zaxxer.hikari.HikariDataSource       : HikariPool-1 - Start completed.
2026-06-04T20:14:15.082+09:00  WARN 61825 --- [recipehub] [           main] org.hibernate.orm.deprecation            : HHH90000025: PostgreSQLDialect does not need to be specified explicitly using 'hibernate.dialect' (remove the property setting and it will be selected by default)
2026-06-04T20:14:15.435+09:00  INFO 61825 --- [recipehub] [           main] o.h.e.t.j.p.i.JtaPlatformInitiator       : HHH000489: No JTA platform available (set 'hibernate.transaction.jta.platform' to enable JTA platform integration)
2026-06-04T20:14:15.539+09:00  INFO 61825 --- [recipehub] [           main] j.LocalContainerEntityManagerFactoryBean : Initialized JPA EntityManagerFactory for persistence unit 'default'
2026-06-04T20:14:15.719+09:00  INFO 61825 --- [recipehub] [           main] o.s.d.j.r.query.QueryEnhancerFactory     : Hibernate is in classpath; If applicable, HQL parser will be used.
2026-06-04T20:14:16.223+09:00 DEBUG 61825 --- [recipehub] [           main] org.hibernate.SQL                        : 
    select
        r1_0.id,
        r1_0.category,
        r1_0.cooking_time,
        r1_0.created_at,
        r1_0.description,
        r1_0.difficulty,
        r1_0.forked_from,
        r1_0.is_public,
        r1_0.owner_id,
        r1_0.title,
        r1_0.updated_at 
    from
        recipes r1_0
Hibernate: 
    select
        r1_0.id,
        r1_0.category,
        r1_0.cooking_time,
        r1_0.created_at,
        r1_0.description,
        r1_0.difficulty,
        r1_0.forked_from,
        r1_0.is_public,
        r1_0.owner_id,
        r1_0.title,
        r1_0.updated_at 
    from
        recipes r1_0
2026-06-04T20:14:16.259+09:00  WARN 61825 --- [recipehub] [           main] JpaBaseConfiguration$JpaWebConfiguration : spring.jpa.open-in-view is enabled by default. Therefore, database queries may be performed during view rendering. Explicitly configure spring.jpa.open-in-view to disable this warning
2026-06-04T20:14:16.268+09:00  WARN 61825 --- [recipehub] [           main] .s.s.UserDetailsServiceAutoConfiguration : 

Using generated security password: b3eaaeae-5ad7-443e-98ba-5bc35010e961

This generated password is for development use only. Your security configuration must be updated before running your application in production.

2026-06-04T20:14:16.355+09:00  INFO 61825 --- [recipehub] [           main] o.s.s.web.DefaultSecurityFilterChain     : Will secure any request with [org.springframework.security.web.session.DisableEncodeUrlFilter@6edbf6ed, org.springframework.security.web.context.request.async.WebAsyncManagerIntegrationFilter@498c3adc, org.springframework.security.web.context.SecurityContextHolderFilter@2b647344, org.springframework.security.web.header.HeaderWriterFilter@2280c0f5, org.springframework.web.filter.CorsFilter@4c2370b5, org.springframework.security.web.authentication.logout.LogoutFilter@7a9ad451, com.recipehub.security.JwtAuthenticationFilter@42e4e589, org.springframework.security.web.savedrequest.RequestCacheAwareFilter@6e2a6063, org.springframework.security.web.servletapi.SecurityContextHolderAwareRequestFilter@47dcb3bd, org.springframework.security.web.authentication.AnonymousAuthenticationFilter@67bf0d91, org.springframework.security.web.session.SessionManagementFilter@750a4fc1, org.springframework.security.web.access.ExceptionTranslationFilter@652e4bb6, org.springframework.security.web.access.intercept.AuthorizationFilter@543e79cb]
2026-06-04T20:14:16.479+09:00  INFO 61825 --- [recipehub] [           main] o.s.b.w.embedded.tomcat.TomcatWebServer  : Tomcat started on port 8080 (http) with context path ''
2026-06-04T20:14:16.483+09:00  INFO 61825 --- [recipehub] [           main] com.recipehub.RecipeHubApplication       : Started RecipeHubApplication in 2.436 seconds (process running for 2.561)
2026-06-04T20:14:19.336+09:00  INFO 61825 --- [recipehub] [nio-8080-exec-1] o.a.c.c.C.[Tomcat].[localhost].[/]       : Initializing Spring DispatcherServlet 'dispatcherServlet'
2026-06-04T20:14:19.336+09:00  INFO 61825 --- [recipehub] [nio-8080-exec-1] o.s.web.servlet.DispatcherServlet        : Initializing Servlet 'dispatcherServlet'
2026-06-04T20:14:19.338+09:00  INFO 61825 --- [recipehub] [nio-8080-exec-1] o.s.web.servlet.DispatcherServlet        : Completed initialization in 2 ms
2026-06-04T20:14:19.347+09:00  WARN 61825 --- [recipehub] [nio-8080-exec-1] o.s.w.s.h.HandlerMappingIntrospector     : Cache miss for REQUEST dispatch to '/favicon.ico' (previous null). Performing MatchableHandlerMapping lookup. This is logged once only at WARN level, and every time at TRACE.
2026-06-04T20:14:22.890+09:00 DEBUG 61825 --- [recipehub] [nio-8080-exec-2] org.hibernate.SQL                        : 
    select
        u1_0.id,
        u1_0.created_at,
        u1_0.email,
        u1_0.password,
        u1_0.role,
        u1_0.username 
    from
        users u1_0 
    where
        u1_0.email=?
Hibernate: 
    select
        u1_0.id,
        u1_0.created_at,
        u1_0.email,
        u1_0.password,
        u1_0.role,
        u1_0.username 
    from
        users u1_0 
    where
        u1_0.email=?
2026-06-04T20:14:23.065+09:00 DEBUG 61825 --- [recipehub] [nio-8080-exec-3] org.hibernate.SQL                        : 
    select
        r1_0.id,
        r1_0.category,
        r1_0.cooking_time,
        r1_0.created_at,
        r1_0.description,
        r1_0.difficulty,
        r1_0.forked_from,
        r1_0.is_public,
        r1_0.owner_id,
        r1_0.title,
        r1_0.updated_at 
    from
        recipes r1_0 
    where
        r1_0.is_public 
    offset
        ? rows 
    fetch
        first ? rows only
Hibernate: 
    select
        r1_0.id,
        r1_0.category,
        r1_0.cooking_time,
        r1_0.created_at,
        r1_0.description,
        r1_0.difficulty,
        r1_0.forked_from,
        r1_0.is_public,
        r1_0.owner_id,
        r1_0.title,
        r1_0.updated_at 
    from
        recipes r1_0 
    where
        r1_0.is_public 
    offset
        ? rows 
    fetch
        first ? rows only
2026-06-04T20:14:23.071+09:00 DEBUG 61825 --- [recipehub] [nio-8080-exec-3] org.hibernate.SQL                        : 
    select
        u1_0.id,
        u1_0.created_at,
        u1_0.email,
        u1_0.password,
        u1_0.role,
        u1_0.username 
    from
        users u1_0 
    where
        u1_0.id=?
Hibernate: 
    select
        u1_0.id,
        u1_0.created_at,
        u1_0.email,
        u1_0.password,
        u1_0.role,
        u1_0.username 
    from
        users u1_0 
    where
        u1_0.id=?
2026-06-04T20:14:23.074+09:00 DEBUG 61825 --- [recipehub] [nio-8080-exec-3] org.hibernate.SQL                        : 
    select
        i1_0.recipe_id,
        i1_0.id,
        i1_0.amount,
        i1_0.name,
        i1_0.unit 
    from
        ingredients i1_0 
    where
        i1_0.recipe_id=?
Hibernate: 
    select
        i1_0.recipe_id,
        i1_0.id,
        i1_0.amount,
        i1_0.name,
        i1_0.unit 
    from
        ingredients i1_0 
    where
        i1_0.recipe_id=?
2026-06-04T20:14:23.077+09:00 DEBUG 61825 --- [recipehub] [nio-8080-exec-3] org.hibernate.SQL                        : 
    select
        cs1_0.recipe_id,
        cs1_0.id,
        cs1_0.description,
        cs1_0.step_order 
    from
        cooking_steps cs1_0 
    where
        cs1_0.recipe_id=?
Hibernate: 
    select
        cs1_0.recipe_id,
        cs1_0.id,
        cs1_0.description,
        cs1_0.step_order 
    from
        cooking_steps cs1_0 
    where
        cs1_0.recipe_id=?
2026-06-04T20:14:23.103+09:00 DEBUG 61825 --- [recipehub] [nio-8080-exec-6] org.hibernate.SQL                        : 
    select
        r1_0.id,
        r1_0.category,
        r1_0.cooking_time,
        r1_0.created_at,
        r1_0.description,
        r1_0.difficulty,
        r1_0.forked_from,
        r1_0.is_public,
        r1_0.owner_id,
        r1_0.title,
        r1_0.updated_at 
    from
        recipes r1_0 
    where
        r1_0.is_public 
    offset
        ? rows 
    fetch
        first ? rows only
Hibernate: 
    select
        r1_0.id,
        r1_0.category,
        r1_0.cooking_time,
        r1_0.created_at,
        r1_0.description,
        r1_0.difficulty,
        r1_0.forked_from,
        r1_0.is_public,
        r1_0.owner_id,
        r1_0.title,
        r1_0.updated_at 
    from
        recipes r1_0 
    where
        r1_0.is_public 
    offset
        ? rows 
    fetch
        first ? rows only
2026-06-04T20:14:23.104+09:00 DEBUG 61825 --- [recipehub] [nio-8080-exec-6] org.hibernate.SQL                        : 
    select
        u1_0.id,
        u1_0.created_at,
        u1_0.email,
        u1_0.password,
        u1_0.role,
        u1_0.username 
    from
        users u1_0 
    where
        u1_0.id=?
Hibernate: 
    select
        u1_0.id,
        u1_0.created_at,
        u1_0.email,
        u1_0.password,
        u1_0.role,
        u1_0.username 
    from
        users u1_0 
    where
        u1_0.id=?
2026-06-04T20:14:23.104+09:00 DEBUG 61825 --- [recipehub] [nio-8080-exec-6] org.hibernate.SQL                        : 
    select
        i1_0.recipe_id,
        i1_0.id,
        i1_0.amount,
        i1_0.name,
        i1_0.unit 
    from
        ingredients i1_0 
    where
        i1_0.recipe_id=?
Hibernate: 
    select
        i1_0.recipe_id,
        i1_0.id,
        i1_0.amount,
        i1_0.name,
        i1_0.unit 
    from
        ingredients i1_0 
    where
        i1_0.recipe_id=?
2026-06-04T20:14:23.105+09:00 DEBUG 61825 --- [recipehub] [nio-8080-exec-6] org.hibernate.SQL                        : 
    select
        cs1_0.recipe_id,
        cs1_0.id,
        cs1_0.description,
        cs1_0.step_order 
    from
        cooking_steps cs1_0 
    where
        cs1_0.recipe_id=?
Hibernate: 
    select
        cs1_0.recipe_id,
        cs1_0.id,
        cs1_0.description,
        cs1_0.step_order 
    from
        cooking_steps cs1_0 
    where
        cs1_0.recipe_id=?
2026-06-04T20:14:23.234+09:00 DEBUG 61825 --- [recipehub] [nio-8080-exec-5] org.hibernate.SQL                        : 
    select
        r1_0.id,
        r1_0.category,
        r1_0.cooking_time,
        r1_0.created_at,
        r1_0.description,
        r1_0.difficulty,
        r1_0.forked_from,
        r1_0.is_public,
        r1_0.owner_id,
        r1_0.title,
        r1_0.updated_at 
    from
        recipes r1_0 
    where
        r1_0.id=?
Hibernate: 
    select
        r1_0.id,
        r1_0.category,
        r1_0.cooking_time,
        r1_0.created_at,
        r1_0.description,
        r1_0.difficulty,
        r1_0.forked_from,
        r1_0.is_public,
        r1_0.owner_id,
        r1_0.title,
        r1_0.updated_at 
    from
        recipes r1_0 
    where
        r1_0.id=?
2026-06-04T20:14:23.239+09:00 DEBUG 61825 --- [recipehub] [nio-8080-exec-5] org.hibernate.SQL                        : 
    select
        u1_0.id,
        u1_0.created_at,
        u1_0.email,
        u1_0.password,
        u1_0.role,
        u1_0.username 
    from
        users u1_0 
    where
        u1_0.id=?
Hibernate: 
    select
        u1_0.id,
        u1_0.created_at,
        u1_0.email,
        u1_0.password,
        u1_0.role,
        u1_0.username 
    from
        users u1_0 
    where
        u1_0.id=?
2026-06-04T20:14:23.240+09:00 DEBUG 61825 --- [recipehub] [nio-8080-exec-5] org.hibernate.SQL                        : 
    select
        i1_0.recipe_id,
        i1_0.id,
        i1_0.amount,
        i1_0.name,
        i1_0.unit 
    from
        ingredients i1_0 
    where
        i1_0.recipe_id=?
Hibernate: 
    select
        i1_0.recipe_id,
        i1_0.id,
        i1_0.amount,
        i1_0.name,
        i1_0.unit 
    from
        ingredients i1_0 
    where
        i1_0.recipe_id=?
2026-06-04T20:14:23.240+09:00 DEBUG 61825 --- [recipehub] [nio-8080-exec-5] org.hibernate.SQL                        : 
    select
        cs1_0.recipe_id,
        cs1_0.id,
        cs1_0.description,
        cs1_0.step_order 
    from
        cooking_steps cs1_0 
    where
        cs1_0.recipe_id=?
Hibernate: 
    select
        cs1_0.recipe_id,
        cs1_0.id,
        cs1_0.description,
        cs1_0.step_order 
    from
        cooking_steps cs1_0 
    where
        cs1_0.recipe_id=?
2026-06-04T20:14:23.248+09:00 DEBUG 61825 --- [recipehub] [nio-8080-exec-7] org.hibernate.SQL                        : 
    select
        r1_0.id,
        r1_0.category,
        r1_0.cooking_time,
        r1_0.created_at,
        r1_0.description,
        r1_0.difficulty,
        r1_0.forked_from,
        r1_0.is_public,
        r1_0.owner_id,
        r1_0.title,
        r1_0.updated_at 
    from
        recipes r1_0 
    where
        r1_0.id=?
Hibernate: 
    select
        r1_0.id,
        r1_0.category,
        r1_0.cooking_time,
        r1_0.created_at,
        r1_0.description,
        r1_0.difficulty,
        r1_0.forked_from,
        r1_0.is_public,
        r1_0.owner_id,
        r1_0.title,
        r1_0.updated_at 
    from
        recipes r1_0 
    where
        r1_0.id=?
2026-06-04T20:14:23.249+09:00 DEBUG 61825 --- [recipehub] [nio-8080-exec-7] org.hibernate.SQL                        : 
    select
        u1_0.id,
        u1_0.created_at,
        u1_0.email,
        u1_0.password,
        u1_0.role,
        u1_0.username 
    from
        users u1_0 
    where
        u1_0.id=?
Hibernate: 
    select
        u1_0.id,
        u1_0.created_at,
        u1_0.email,
        u1_0.password,
        u1_0.role,
        u1_0.username 
    from
        users u1_0 
    where
        u1_0.id=?
2026-06-04T20:14:23.250+09:00 DEBUG 61825 --- [recipehub] [nio-8080-exec-7] org.hibernate.SQL                        : 
    select
        i1_0.recipe_id,
        i1_0.id,
        i1_0.amount,
        i1_0.name,
        i1_0.unit 
    from
        ingredients i1_0 
    where
        i1_0.recipe_id=?
Hibernate: 
    select
        i1_0.recipe_id,
        i1_0.id,
        i1_0.amount,
        i1_0.name,
        i1_0.unit 
    from
        ingredients i1_0 
    where
        i1_0.recipe_id=?
2026-06-04T20:14:23.250+09:00 DEBUG 61825 --- [recipehub] [nio-8080-exec-7] org.hibernate.SQL                        : 
    select
        cs1_0.recipe_id,
        cs1_0.id,
        cs1_0.description,
        cs1_0.step_order 
    from
        cooking_steps cs1_0 
    where
        cs1_0.recipe_id=?
Hibernate: 
    select
        cs1_0.recipe_id,
        cs1_0.id,
        cs1_0.description,
        cs1_0.step_order 
    from
        cooking_steps cs1_0 
    where
        cs1_0.recipe_id=?
2026-06-04T20:14:24.527+09:00 DEBUG 61825 --- [recipehub] [nio-8080-exec-9] org.hibernate.SQL                        : 
    select
        u1_0.id,
        u1_0.created_at,
        u1_0.email,
        u1_0.password,
        u1_0.role,
        u1_0.username 
    from
        users u1_0 
    where
        u1_0.email=?
Hibernate: 
    select
        u1_0.id,
        u1_0.created_at,
        u1_0.email,
        u1_0.password,
        u1_0.role,
        u1_0.username 
    from
        users u1_0 
    where
        u1_0.email=?
2026-06-04T20:14:24.529+09:00 DEBUG 61825 --- [recipehub] [nio-8080-exec-9] org.hibernate.SQL                        : 
    select
        r1_0.id,
        r1_0.category,
        r1_0.cooking_time,
        r1_0.created_at,
        r1_0.description,
        r1_0.difficulty,
        r1_0.forked_from,
        r1_0.is_public,
        r1_0.owner_id,
        r1_0.title,
        r1_0.updated_at 
    from
        recipes r1_0 
    where
        r1_0.id=?
Hibernate: 
    select
        r1_0.id,
        r1_0.category,
        r1_0.cooking_time,
        r1_0.created_at,
        r1_0.description,
        r1_0.difficulty,
        r1_0.forked_from,
        r1_0.is_public,
        r1_0.owner_id,
        r1_0.title,
        r1_0.updated_at 
    from
        recipes r1_0 
    where
        r1_0.id=?
2026-06-04T20:14:24.534+09:00 DEBUG 61825 --- [recipehub] [nio-8080-exec-9] org.hibernate.SQL                        : 
    select
        b1_0.id 
    from
        bookmarks b1_0 
    where
        b1_0.user_id=? 
        and b1_0.recipe_id=? 
    fetch
        first ? rows only
Hibernate: 
    select
        b1_0.id 
    from
        bookmarks b1_0 
    where
        b1_0.user_id=? 
        and b1_0.recipe_id=? 
    fetch
        first ? rows only
2026-06-04T20:14:24.547+09:00 DEBUG 61825 --- [recipehub] [nio-8080-exec-1] org.hibernate.SQL                        : 
    select
        u1_0.id,
        u1_0.created_at,
        u1_0.email,
        u1_0.password,
        u1_0.role,
        u1_0.username 
    from
        users u1_0 
    where
        u1_0.email=?
Hibernate: 
    select
        u1_0.id,
        u1_0.created_at,
        u1_0.email,
        u1_0.password,
        u1_0.role,
        u1_0.username 
    from
        users u1_0 
    where
        u1_0.email=?
2026-06-04T20:14:24.548+09:00 DEBUG 61825 --- [recipehub] [nio-8080-exec-1] org.hibernate.SQL                        : 
    select
        r1_0.id,
        r1_0.category,
        r1_0.cooking_time,
        r1_0.created_at,
        r1_0.description,
        r1_0.difficulty,
        r1_0.forked_from,
        r1_0.is_public,
        r1_0.owner_id,
        r1_0.title,
        r1_0.updated_at 
    from
        recipes r1_0 
    where
        r1_0.id=?
Hibernate: 
    select
        r1_0.id,
        r1_0.category,
        r1_0.cooking_time,
        r1_0.created_at,
        r1_0.description,
        r1_0.difficulty,
        r1_0.forked_from,
        r1_0.is_public,
        r1_0.owner_id,
        r1_0.title,
        r1_0.updated_at 
    from
        recipes r1_0 
    where
        r1_0.id=?
2026-06-04T20:14:24.549+09:00 DEBUG 61825 --- [recipehub] [nio-8080-exec-8] org.hibernate.SQL                        : 
    select
        r1_0.id,
        r1_0.category,
        r1_0.cooking_time,
        r1_0.created_at,
        r1_0.description,
        r1_0.difficulty,
        r1_0.forked_from,
        r1_0.is_public,
        r1_0.owner_id,
        r1_0.title,
        r1_0.updated_at 
    from
        recipes r1_0 
    where
        r1_0.id=?
Hibernate: 
    select
        r1_0.id,
        r1_0.category,
        r1_0.cooking_time,
        r1_0.created_at,
        r1_0.description,
        r1_0.difficulty,
        r1_0.forked_from,
        r1_0.is_public,
        r1_0.owner_id,
        r1_0.title,
        r1_0.updated_at 
    from
        recipes r1_0 
    where
        r1_0.id=?
2026-06-04T20:14:24.550+09:00 DEBUG 61825 --- [recipehub] [nio-8080-exec-1] org.hibernate.SQL                        : 
    select
        b1_0.id 
    from
        bookmarks b1_0 
    where
        b1_0.user_id=? 
        and b1_0.recipe_id=? 
    fetch
        first ? rows only
Hibernate: 
    select
        b1_0.id 
    from
        bookmarks b1_0 
    where
        b1_0.user_id=? 
        and b1_0.recipe_id=? 
    fetch
        first ? rows only
2026-06-04T20:14:24.556+09:00 DEBUG 61825 --- [recipehub] [nio-8080-exec-8] org.hibernate.SQL                        : 
    select
        u1_0.id,
        u1_0.created_at,
        u1_0.email,
        u1_0.password,
        u1_0.role,
        u1_0.username 
    from
        users u1_0 
    where
        u1_0.id=?
Hibernate: 
    select
        u1_0.id,
        u1_0.created_at,
        u1_0.email,
        u1_0.password,
        u1_0.role,
        u1_0.username 
    from
        users u1_0 
    where
        u1_0.id=?
2026-06-04T20:14:24.558+09:00 DEBUG 61825 --- [recipehub] [nio-8080-exec-8] org.hibernate.SQL                        : 
    select
        i1_0.recipe_id,
        i1_0.id,
        i1_0.amount,
        i1_0.name,
        i1_0.unit 
    from
        ingredients i1_0 
    where
        i1_0.recipe_id=?
Hibernate: 
    select
        i1_0.recipe_id,
        i1_0.id,
        i1_0.amount,
        i1_0.name,
        i1_0.unit 
    from
        ingredients i1_0 
    where
        i1_0.recipe_id=?
2026-06-04T20:14:24.559+09:00 DEBUG 61825 --- [recipehub] [nio-8080-exec-8] org.hibernate.SQL                        : 
    select
        cs1_0.recipe_id,
        cs1_0.id,
        cs1_0.description,
        cs1_0.step_order 
    from
        cooking_steps cs1_0 
    where
        cs1_0.recipe_id=?
Hibernate: 
    select
        cs1_0.recipe_id,
        cs1_0.id,
        cs1_0.description,
        cs1_0.step_order 
    from
        cooking_steps cs1_0 
    where
        cs1_0.recipe_id=?
2026-06-04T20:14:24.575+09:00 DEBUG 61825 --- [recipehub] [nio-8080-exec-2] org.hibernate.SQL                        : 
    select
        r1_0.id,
        r1_0.category,
        r1_0.cooking_time,
        r1_0.created_at,
        r1_0.description,
        r1_0.difficulty,
        r1_0.forked_from,
        r1_0.is_public,
        r1_0.owner_id,
        r1_0.title,
        r1_0.updated_at 
    from
        recipes r1_0 
    where
        r1_0.id=?
Hibernate: 
    select
        r1_0.id,
        r1_0.category,
        r1_0.cooking_time,
        r1_0.created_at,
        r1_0.description,
        r1_0.difficulty,
        r1_0.forked_from,
        r1_0.is_public,
        r1_0.owner_id,
        r1_0.title,
        r1_0.updated_at 
    from
        recipes r1_0 
    where
        r1_0.id=?
2026-06-04T20:14:24.577+09:00 DEBUG 61825 --- [recipehub] [nio-8080-exec-2] org.hibernate.SQL                        : 
    select
        u1_0.id,
        u1_0.created_at,
        u1_0.email,
        u1_0.password,
        u1_0.role,
        u1_0.username 
    from
        users u1_0 
    where
        u1_0.id=?
Hibernate: 
    select
        u1_0.id,
        u1_0.created_at,
        u1_0.email,
        u1_0.password,
        u1_0.role,
        u1_0.username 
    from
        users u1_0 
    where
        u1_0.id=?
2026-06-04T20:14:24.578+09:00 DEBUG 61825 --- [recipehub] [nio-8080-exec-2] org.hibernate.SQL                        : 
    select
        i1_0.recipe_id,
        i1_0.id,
        i1_0.amount,
        i1_0.name,
        i1_0.unit 
    from
        ingredients i1_0 
    where
        i1_0.recipe_id=?
Hibernate: 
    select
        i1_0.recipe_id,
        i1_0.id,
        i1_0.amount,
        i1_0.name,
        i1_0.unit 
    from
        ingredients i1_0 
    where
        i1_0.recipe_id=?
2026-06-04T20:14:24.580+09:00 DEBUG 61825 --- [recipehub] [nio-8080-exec-2] org.hibernate.SQL                        : 
    select
        cs1_0.recipe_id,
        cs1_0.id,
        cs1_0.description,
        cs1_0.step_order 
    from
        cooking_steps cs1_0 
    where
        cs1_0.recipe_id=?
Hibernate: 
    select
        cs1_0.recipe_id,
        cs1_0.id,
        cs1_0.description,
        cs1_0.step_order 
    from
        cooking_steps cs1_0 
    where
        cs1_0.recipe_id=?
